// Jest Snapshot v1, https://goo.gl/fbAQLP

exports[`ConnectedParent 1`] = `
<div>
   
  <div>
    <input
      onChange={[Function]}
      type="text"
      value="testing"
    />
  </div>
   
  <div>
    <input
      onChange={[Function]}
      type="text"
      value="initial"
    />
  </div>
   
</div>
`;
